---
source: crates/codegen/tests/yul.rs
expression: output
input_file: tests/fixtures/alloc.fe
---
function $bump($size) -> ret {
  let v0 := $alloc($size)
  ret := v0
  leave
}
function $bump_const() -> ret {
  let v0 := $alloc(64)
  ret := v0
  leave
}
function $alloc($size) -> ret {
  let v0 := mload(64)
  let v1 := eq(v0, 0)
  if v1 {
    let v2 := msize()
    v0 := v2
  }
  let v3 := lt(v0, 8192)
  if v3 {
    v0 := 8192
  }
  mstore(64, add(v0, $size))
  ret := v0
  leave
}
