---
source: crates/codegen/tests/yul.rs
expression: output
input_file: tests/fixtures/code_region_qualified.fe
---
object "Foo" {
  code {
    function $init__StorPtr_Evm___207f35a85ac4062e() {
      let v0 := datasize("Foo_deployed")
      let v1 := dataoffset("Foo_deployed")
      codecopy(0, v1, v0)
      return(0, v0)
    }
    $init__StorPtr_Evm___207f35a85ac4062e()
  }

  object "Foo_deployed" {
    code {
      function $runtime__StorPtr_Evm___207f35a85ac4062e() {
        return(0, 0)
      }
      $runtime__StorPtr_Evm___207f35a85ac4062e()
      return(0, 0)
    }
  }
}
