---
source: crates/codegen/tests/yul.rs
assertion_line: 33
expression: output
input_file: tests/fixtures/for_array_auto_unroll.fe
---
object "main" {
  code {
    function $for_array_auto_sum() -> ret {
      let v0 := mload(0x40)
      if iszero(v0) {
        v0 := 0x80
      }
      mstore(0x40, add(v0, 24))
      datacopy(v0, dataoffset("data_0"), datasize("data_0"))
      let v1 := v0
      let v2 := 0
      let v3 := 0
      let v4 := $_t__const_n__usize__seq_len__u64_3__b7306be87d45a98e(v1)
      {
        {
          v3 := 0
          let v5 := $_t__const_n__usize__seq_get__u64_3__b7306be87d45a98e(v1, v3)
          let v6 := v5
          v2 := add(v2, v6)
        }
        {
          v3 := 1
          let v7 := $_t__const_n__usize__seq_get__u64_3__b7306be87d45a98e(v1, v3)
          let v8 := v7
          v2 := add(v2, v8)
        }
        {
          v3 := 2
          let v9 := $_t__const_n__usize__seq_get__u64_3__b7306be87d45a98e(v1, v3)
          let v10 := v9
          v2 := add(v2, v10)
        }
      }
      ret := v2
      leave
    }
    function $_t__const_n__usize__seq_len__u64_3__b7306be87d45a98e($self) -> ret {
      ret := 3
      leave
    }
    function $_t__const_n__usize__seq_get__u64_3__b7306be87d45a98e($self, $i) -> ret {
      let v0 := and(mload(add($self, mul($i, 8))), 0xffffffffffffffff)
      ret := v0
      leave
    }
  }
  data "data_0" hex"000000000000000100000000000000020000000000000003"
}
