---
source: crates/codegen/tests/yul.rs
expression: output
input_file: tests/fixtures/newtype_word_mut_method_call.fe
---
function $wrap_bump($self) -> ret {
  $self := add($self, 1)
  ret := $self
  leave
}
function $newtype_word_mut_method_call($x) -> ret {
  let v0 := $x
  let v1 := $wrap_bump(v0)
  v0 := v1
  ret := v0
  leave
}
