---
source: crates/uitest/tests/semantic_borrowck.rs
assertion_line: 25
expression: diags
input_file: fixtures/semantic_borrowck/reactive_subscription_double_cancel.fe
---
error[16-0002]: move conflict in `fn double_cancel`
   ┌─ reactive_subscription_double_cancel.fe:25:19
   │
24 │     source.cancel(subscription)
   │                   ------------ `subscription` is moved here
25 │     source.cancel(subscription)
   │                   ^^^^^^^^^^^^ cannot use a value after it was moved
