---
source: crates/uitest/tests/semantic_borrowck.rs
assertion_line: 25
expression: diags
input_file: fixtures/semantic_borrowck/reactive_stream_double_cancel.fe
---
error[16-0002]: move conflict in `fn double_stream_cancel`
   ┌─ reactive_stream_double_cancel.fe:27:19
   │
26 │     stream.cancel(subscription)
   │                   ------------ `subscription` is moved here
27 │     stream.cancel(subscription)
   │                   ^^^^^^^^^^^^ cannot use a value after it was moved
