---
source: crates/codegen/tests/sonatina_ir.rs
expression: output
input_file: crates/codegen/tests/fixtures/code_region_qualified.fe
---
target = "evm-ethereum-osaka"

type @layout_0 = {};
type @layout_1 = {@layout_0};

func private %codecopy(v0.objref<@layout_1>, v1.i256, v2.i256, v3.i256) {
    block0:
        jump block1;

    block1:
        evm_code_copy v1 v2 v3;
        return;
}

func private %init() {
    block0:
        jump block1;

    block1:
        v0.i256 = sym_size &__Foo_runtime;
        v1.i256 = sym_addr &__Foo_runtime;
        v2.*i8 = evm_malloc v0;
        v3.i256 = ptr_to_int v2 i256;
        call %codecopy undef.objref<@layout_1> v3 v1 v0;
        call %std__lib__evm__effects__impl_trait_Evm_0098__return_data_bc9b_0 undef.objref<@layout_1> v3 v0;
        unreachable;
}

func public %manual_contract_init_root_Foo() {
    block0:
        jump block1;

    block1:
        call %init;
        evm_stop;
}

func public %manual_contract_runtime_root_Foo() {
    block0:
        jump block1;

    block1:
        call %runtime;
        evm_stop;
}

func private %std__lib__evm__effects__impl_trait_Evm_0098__return_data_bc9b(v0.objref<@layout_1>, v1.i256, v2.i256) {
    block0:
        jump block1;

    block1:
        evm_return v1 v2;
}

func private %std__lib__evm__effects__impl_trait_Evm_0098__return_data_bc9b_0(v0.objref<@layout_1>, v1.i256, v2.i256) {
    block0:
        jump block1;

    block1:
        evm_return v1 v2;
}

func private %runtime() {
    block0:
        jump block1;

    block1:
        call %std__lib__evm__effects__impl_trait_Evm_0098__return_data_bc9b undef.objref<@layout_1> 0.i256 0.i256;
        unreachable;
}


object @Foo {
    section init {
        entry %manual_contract_init_root_Foo;
        embed .runtime as &__Foo_runtime;
    }
    section runtime {
        entry %manual_contract_runtime_root_Foo;
    }
}
