---
source: crates/codegen/tests/sonatina_ir.rs
expression: output
input_file: crates/codegen/tests/fixtures/const_fn_packed_config.fe
---
target = "evm-ethereum-osaka"

func public %main() -> i256 {
    block0:
        jump block1;

    block1:
        return 1179678.i256;
}

func public %main_root() {
    block0:
        jump block1;

    block1:
        v0.i256 = call %main;
        evm_stop;
}


object @main {
    section main {
        entry %main_root;
    }
}
