---
source: crates/codegen/tests/sonatina_ir.rs
expression: output
input_file: crates/codegen/tests/fixtures/erc20_low_level.fe
---
target = "evm-ethereum-osaka"

type @layout_0 = {i256};
type @layout_1 = {};
type @layout_2 = {@layout_1};
type @layout_3 = {@layout_0, @layout_0};

global private const @layout_0 $const_region_0 = {0};

func private %abi_encode_string(v0.i256, v1.i256) {
    block0:
        jump block1;

    block1:
        call %mstore undef.objref<@layout_2> 0.i256 32.i256;
        call %mstore undef.objref<@layout_2> 32.i256 v1;
        call %mstore undef.objref<@layout_2> 64.i256 v0;
        call %std__lib__evm__effects__impl_trait_Evm_0098__return_data_001e undef.objref<@layout_2> 0.i256 96.i256;
        unreachable;
}

func private %abi_encode_u256(v0.i256) {
    block0:
        jump block1;

    block1:
        call %mstore undef.objref<@layout_2> 0.i256 v0;
        call %std__lib__evm__effects__impl_trait_Evm_0098__return_data_001e undef.objref<@layout_2> 0.i256 32.i256;
        unreachable;
}

func private %allowance__geb89(v0.@layout_0, v1.@layout_0, v2.i256) -> i256 {
    block0:
        jump block1;

    block1:
        v7.@layout_3 = insert_value undef.@layout_3 0.i256 v0;
        v9.@layout_3 = insert_value v7 1.i256 v1;
        v10.i256 = call %std__lib__evm__storage_map__impl_StorageMap_9f54__get__ga15b_679e v9;
        return v10;
}

func private %allowance__g35d6(v0.i256, v1.@layout_0, v2.@layout_0) -> i256 {
    block0:
        jump block1;

    block1:
        v7.@layout_3 = insert_value undef.@layout_3 0.i256 v1;
        v9.@layout_3 = insert_value v7 1.i256 v2;
        v10.i256 = call %std__lib__evm__storage_map__impl_StorageMap_9f54__get__ga15b_bf76 v9;
        return v10;
}

func private %approve__gb6ca(v0.@layout_0, v1.i256, v2.i256) -> i256 {
    block0:
        jump block1;

    block1:
        v5.@layout_0 = call %std__lib__evm__effects__impl_trait_Evm_a1e8__caller_ea78 undef.objref<@layout_2>;
        call %approve__g35d6 v2 v5 v0 v1;
        return 1.i256;
}

func private %approve__g35d6(v0.i256, v1.@layout_0, v2.@layout_0, v3.i256) {
    block0:
        jump block1;

    block1:
        v9.@layout_3 = insert_value undef.@layout_3 0.i256 v1;
        v11.@layout_3 = insert_value v9 1.i256 v2;
        call %std__lib__evm__storage_map__impl_StorageMap_9f54__set__ga15b_5971 v0 v11 v3;
        return;
}

func private %balance_of__geb89(v0.@layout_0, v1.i256) -> i256 {
    block0:
        jump block1;

    block1:
        v3.i256 = call %std__lib__evm__storage_map__impl_StorageMap_9f54__get__g2163_e6b0 v0;
        return v3;
}

func private %standalone_erc20_low_level__erc20_low_level__impl_Erc20_16d9__balance_of__g35d6_d3f5(v0.i256, v1.@layout_0) -> i256 {
    block0:
        jump block1;

    block1:
        v3.i256 = call %std__lib__evm__storage_map__impl_StorageMap_9f54__get__g2163_2521 v1;
        return v3;
}

func private %standalone_erc20_low_level__erc20_low_level__impl_Erc20_16d9__balance_of__g35d6_d3f5_0(v0.i256, v1.@layout_0) -> i256 {
    block0:
        jump block1;

    block1:
        v3.i256 = call %std__lib__evm__storage_map__impl_StorageMap_9f54__get__g2163_2521_0 v1;
        return v3;
}

func private %standalone_erc20_low_level__erc20_low_level__impl_Erc20_16d9__balance_of__g35d6_d3f5_1(v0.i256, v1.@layout_0) -> i256 {
    block0:
        jump block1;

    block1:
        v3.i256 = call %std__lib__evm__storage_map__impl_StorageMap_9f54__get__g2163_2521_1 v1;
        return v3;
}

func private %calldataload(v0.objref<@layout_2>, v1.i256) -> i256 {
    block0:
        jump block1;

    block1:
        v3.i256 = evm_calldata_load v1;
        return v3;
}

func private %std__lib__evm__effects__impl_trait_Evm_a1e8__caller_d804(v0.objref<@layout_2>) -> @layout_0 {
    block0:
        jump block1;

    block1:
        v1.i256 = evm_caller;
        v4.@layout_0 = insert_value undef.@layout_0 0.i256 v1;
        return v4;
}

func private %std__lib__evm__effects__impl_trait_Evm_a1e8__caller_d804_0(v0.objref<@layout_2>) -> @layout_0 {
    block0:
        jump block1;

    block1:
        v1.i256 = evm_caller;
        v4.@layout_0 = insert_value undef.@layout_0 0.i256 v1;
        return v4;
}

func private %std__lib__evm__effects__impl_trait_Evm_a1e8__caller_d804_1(v0.objref<@layout_2>) -> @layout_0 {
    block0:
        jump block1;

    block1:
        v1.i256 = evm_caller;
        v4.@layout_0 = insert_value undef.@layout_0 0.i256 v1;
        return v4;
}

func private %std__lib__evm__effects__impl_trait_Evm_a1e8__caller_ea78(v0.objref<@layout_2>) -> @layout_0 {
    block0:
        jump block1;

    block1:
        v1.i256 = evm_caller;
        v4.@layout_0 = insert_value undef.@layout_0 0.i256 v1;
        return v4;
}

func private %codecopy(v0.objref<@layout_2>, v1.i256, v2.i256, v3.i256) {
    block0:
        jump block1;

    block1:
        evm_code_copy v1 v2 v3;
        return;
}

func private %do_init(v0.i256) {
    block0:
        jump block1;

    block1:
        v3.@layout_0 = call %std__lib__evm__effects__impl_trait_Evm_a1e8__caller_d804_0 undef.objref<@layout_2>;
        call %set_owner_once v0 v3;
        return;
}

func private %std__lib__evm__effects__impl_trait_Address_3ffb__eq_3b13(v0.i256, v1.@layout_0) -> i1 {
    block0:
        jump block1;

    block1:
        v3.i256 = evm_sload v0;
        v6.i256 = extract_value v1 0.i256;
        v7.i1 = eq v3 v6;
        return v7;
}

func private %std__lib__evm__effects__impl_trait_Address_3ffb__eq_fb60(v0.@layout_0, v1.i256) -> i1 {
    block0:
        jump block1;

    block1:
        v4.i256 = extract_value v0 0.i256;
        v6.i256 = evm_sload v1;
        v7.i1 = eq v4 v6;
        return v7;
}

func private %core__lib__effect_ref__impl_trait_StorPtr_27da__from_raw__gb51e_b944(v0.i256) -> i256 {
    block0:
        jump block1;

    block1:
        return v0;
}

func private %core__lib__effect_ref__impl_trait_StorPtr_27da__from_raw__gb51e_b944_0(v0.i256) -> i256 {
    block0:
        jump block1;

    block1:
        return v0;
}

func private %std__lib__evm__word__impl_trait_u256_1f9e__from_word_09f5(v0.i256) -> i256 {
    block0:
        jump block1;

    block1:
        return v0;
}

func private %std__lib__evm__word__impl_trait_u256_1f9e__from_word_3cf5(v0.i256) -> i256 {
    block0:
        jump block1;

    block1:
        return v0;
}

func private %std__lib__evm__word__impl_trait_u256_1f9e__from_word_51d4(v0.i256) -> i256 {
    block0:
        jump block1;

    block1:
        return v0;
}

func private %std__lib__evm__word__impl_trait_u256_1f9e__from_word_51d4_0(v0.i256) -> i256 {
    block0:
        jump block1;

    block1:
        return v0;
}

func private %std__lib__evm__word__impl_trait_u256_1f9e__from_word_51d4_1(v0.i256) -> i256 {
    block0:
        jump block1;

    block1:
        return v0;
}

func private %std__lib__evm__word__impl_trait_u256_1f9e__from_word_89ed(v0.i256) -> i256 {
    block0:
        jump block1;

    block1:
        return v0;
}

func inline(always) private %std__lib__evm__storage_map__impl_StorageMap_9f54__get__g2163_2521(v0.@layout_0) -> i256 {
    block0:
        jump block1;

    block1:
        v2.i256 = call %std__lib__evm__storage_map__impl_StorageMap_9f54__get_unchecked__g2163_cd4e v0;
        return v2;
}

func inline(always) private %std__lib__evm__storage_map__impl_StorageMap_9f54__get__g2163_2521_0(v0.@layout_0) -> i256 {
    block0:
        jump block1;

    block1:
        v2.i256 = call %std__lib__evm__storage_map__impl_StorageMap_9f54__get_unchecked__g2163_cd4e_0 v0;
        return v2;
}

func inline(always) private %std__lib__evm__storage_map__impl_StorageMap_9f54__get__g2163_2521_1(v0.@layout_0) -> i256 {
    block0:
        jump block1;

    block1:
        v2.i256 = call %std__lib__evm__storage_map__impl_StorageMap_9f54__get_unchecked__g2163_cd4e_1 v0;
        return v2;
}

func inline(always) private %std__lib__evm__storage_map__impl_StorageMap_9f54__get__ga15b_679e(v0.@layout_3) -> i256 {
    block0:
        jump block1;

    block1:
        v2.i256 = call %std__lib__evm__storage_map__impl_StorageMap_9f54__get_unchecked__ga15b_c992 v0;
        return v2;
}

func inline(always) private %std__lib__evm__storage_map__impl_StorageMap_9f54__get__ga15b_bf76(v0.@layout_3) -> i256 {
    block0:
        jump block1;

    block1:
        v2.i256 = call %std__lib__evm__storage_map__impl_StorageMap_9f54__get_unchecked__ga15b_60b3 v0;
        return v2;
}

func inline(always) private %std__lib__evm__storage_map__impl_StorageMap_9f54__get__g2163_e6b0(v0.@layout_0) -> i256 {
    block0:
        jump block1;

    block1:
        v2.i256 = call %std__lib__evm__storage_map__impl_StorageMap_9f54__get_unchecked__g2163_1022 v0;
        return v2;
}

func inline(always) private %std__lib__evm__storage_map__impl_StorageMap_9f54__get_unchecked__g2163_1022(v0.@layout_0) -> i256 {
    block0:
        jump block1;

    block1:
        v3.i256 = call %std__lib__evm__storage_map__storagemap_get_word_with_salt__g67a8_bfbb v0 0.i256;
        v4.i256 = call %std__lib__evm__word__impl_trait_u256_1f9e__from_word_3cf5 v3;
        return v4;
}

func inline(always) private %std__lib__evm__storage_map__impl_StorageMap_9f54__get_unchecked__ga15b_60b3(v0.@layout_3) -> i256 {
    block0:
        jump block1;

    block1:
        v3.i256 = call %std__lib__evm__storage_map__storagemap_get_word_with_salt__g7bf4_df22 v0 1.i256;
        v4.i256 = call %std__lib__evm__word__impl_trait_u256_1f9e__from_word_89ed v3;
        return v4;
}

func inline(always) private %std__lib__evm__storage_map__impl_StorageMap_9f54__get_unchecked__ga15b_c992(v0.@layout_3) -> i256 {
    block0:
        jump block1;

    block1:
        v3.i256 = call %std__lib__evm__storage_map__storagemap_get_word_with_salt__g7bf4_fdb1 v0 1.i256;
        v4.i256 = call %std__lib__evm__word__impl_trait_u256_1f9e__from_word_09f5 v3;
        return v4;
}

func inline(always) private %std__lib__evm__storage_map__impl_StorageMap_9f54__get_unchecked__g2163_cd4e(v0.@layout_0) -> i256 {
    block0:
        jump block1;

    block1:
        v3.i256 = call %std__lib__evm__storage_map__storagemap_get_word_with_salt__g67a8_71c2 v0 0.i256;
        v4.i256 = call %std__lib__evm__word__impl_trait_u256_1f9e__from_word_51d4 v3;
        return v4;
}

func inline(always) private %std__lib__evm__storage_map__impl_StorageMap_9f54__get_unchecked__g2163_cd4e_0(v0.@layout_0) -> i256 {
    block0:
        jump block1;

    block1:
        v3.i256 = call %std__lib__evm__storage_map__storagemap_get_word_with_salt__g67a8_71c2_0 v0 0.i256;
        v4.i256 = call %std__lib__evm__word__impl_trait_u256_1f9e__from_word_51d4_0 v3;
        return v4;
}

func inline(always) private %std__lib__evm__storage_map__impl_StorageMap_9f54__get_unchecked__g2163_cd4e_1(v0.@layout_0) -> i256 {
    block0:
        jump block1;

    block1:
        v3.i256 = call %std__lib__evm__storage_map__storagemap_get_word_with_salt__g67a8_71c2_1 v0 0.i256;
        v4.i256 = call %std__lib__evm__word__impl_trait_u256_1f9e__from_word_51d4_1 v3;
        return v4;
}

func private %init() {
    block0:
        jump block1;

    block1:
        v2.i256 = call %std__lib__evm__effects__trait_RawStorage__stor_ptr__g3730_fbaa_0 undef.objref<@layout_2> 0.i256;
        call %do_init v2;
        v4.i256 = sym_size &__Erc20Contract_runtime;
        v5.i256 = sym_addr &__Erc20Contract_runtime;
        v6.*i8 = evm_malloc v4;
        v7.i256 = ptr_to_int v6 i256;
        call %codecopy undef.objref<@layout_2> v7 v5 v4;
        call %std__lib__evm__effects__impl_trait_Evm_0098__return_data_a242 undef.objref<@layout_2> v7 v4;
        unreachable;
}

func public %manual_contract_init_root_Erc20Contract() {
    block0:
        jump block1;

    block1:
        call %init;
        evm_stop;
}

func public %manual_contract_runtime_root_Erc20Contract() {
    block0:
        jump block1;

    block1:
        call %runtime;
        evm_stop;
}

func private %mint__gd1d8(v0.@layout_0, v1.i256, v2.i256) -> i256 {
    block0:
        jump block1;

    block1:
        call %mint__g0502 v2 v0 v1;
        return 1.i256;
}

func private %mint__g0502(v0.i256, v1.@layout_0, v2.i256) {
    block0:
        jump block1;

    block1:
        v4.@layout_0 = call %std__lib__evm__effects__impl_trait_Evm_a1e8__caller_d804_1 undef.objref<@layout_2>;
        v7.i256 = add v0 1.i256;
        v8.i1 = call %core__lib__ops__trait_Eq__ne__g7528_7551 v4 v7;
        br v8 block2 block3;

    block2:
        call %std__lib__evm__effects__impl_trait_Evm_0098__revert_21e6 undef.objref<@layout_2> 0.i256 0.i256;
        unreachable;

    block3:
        jump block4;

    block4:
        v13.i256 = call %standalone_erc20_low_level__erc20_low_level__impl_Erc20_16d9__balance_of__g35d6_d3f5 v0 v1;
        (v15.i256, v16.i1) = uaddo v13 v2;
        br v16 block5 block6;

    block5:
        mstore 0.i256 35408467139433450592217433187231851964531694900788300625387963629091585785856.i256 i256;
        mstore 4.i256 17.i256 i256;
        evm_revert 0.i256 36.i256;

    block6:
        call %std__lib__evm__storage_map__impl_StorageMap_9f54__set__g2163_e08a v0 v1 v15;
        v25.i256 = evm_sload v0;
        (v27.i256, v28.i1) = uaddo v25 v2;
        br v28 block5 block7;

    block7:
        evm_sstore v0 v27;
        return;
}

func private %mstore(v0.objref<@layout_2>, v1.i256, v2.i256) {
    block0:
        jump block1;

    block1:
        mstore v1 v2 i256;
        return;
}

func private %core__lib__ops__trait_Eq__ne__g7528_324d(v0.i256, v1.@layout_0) -> i1 {
    block0:
        jump block1;

    block1:
        v4.i1 = call %std__lib__evm__effects__impl_trait_Address_3ffb__eq_3b13 v0 v1;
        v5.i1 = is_zero v4;
        return v5;
}

func private %core__lib__ops__trait_Eq__ne__g7528_7551(v0.@layout_0, v1.i256) -> i1 {
    block0:
        jump block1;

    block1:
        v4.i1 = call %std__lib__evm__effects__impl_trait_Address_3ffb__eq_fb60 v0 v1;
        v5.i1 = is_zero v4;
        return v5;
}

func private %std__lib__evm__effects__impl_trait_Evm_0098__return_data_001e(v0.objref<@layout_2>, v1.i256, v2.i256) {
    block0:
        jump block1;

    block1:
        evm_return v1 v2;
}

func private %std__lib__evm__effects__impl_trait_Evm_0098__return_data_a242(v0.objref<@layout_2>, v1.i256, v2.i256) {
    block0:
        jump block1;

    block1:
        evm_return v1 v2;
}

func private %std__lib__evm__effects__impl_trait_Evm_0098__revert_21e6(v0.objref<@layout_2>, v1.i256, v2.i256) {
    block0:
        jump block1;

    block1:
        evm_revert v1 v2;
}

func private %std__lib__evm__effects__impl_trait_Evm_0098__revert_21e6_0(v0.objref<@layout_2>, v1.i256, v2.i256) {
    block0:
        jump block1;

    block1:
        evm_revert v1 v2;
}

func private %std__lib__evm__effects__impl_trait_Evm_0098__revert_21e6_1(v0.objref<@layout_2>, v1.i256, v2.i256) {
    block0:
        jump block1;

    block1:
        evm_revert v1 v2;
}

func private %std__lib__evm__effects__impl_trait_Evm_0098__revert_21e6_2(v0.objref<@layout_2>, v1.i256, v2.i256) {
    block0:
        jump block1;

    block1:
        evm_revert v1 v2;
}

func private %std__lib__evm__effects__impl_trait_Evm_0098__revert_766b(v0.objref<@layout_2>, v1.i256, v2.i256) {
    block0:
        jump block1;

    block1:
        evm_revert v1 v2;
}

func private %runtime() {
    block0:
        jump block1;

    block1:
        v2.i256 = call %std__lib__evm__effects__trait_RawStorage__stor_ptr__g3730_fbaa undef.objref<@layout_2> 0.i256;
        v4.i256 = call %calldataload undef.objref<@layout_2> 0.i256;
        v6.i256 = shr 224.i256 v4;
        v8.i1 = eq v6 1889567281.i256;
        br v8 block2 block12;

    block2:
        v11.i256 = call %calldataload undef.objref<@layout_2> 4.i256;
        v13.@layout_0 = insert_value undef.@layout_0 0.i256 v11;
        v15.i256 = call %balance_of__geb89 v13 v2;
        call %abi_encode_u256 v15;
        unreachable;

    block3:
        v17.i256 = call %calldataload undef.objref<@layout_2> 4.i256;
        v19.@layout_0 = insert_value undef.@layout_0 0.i256 v17;
        v22.i256 = call %calldataload undef.objref<@layout_2> 36.i256;
        v24.@layout_0 = insert_value undef.@layout_0 0.i256 v22;
        v26.i256 = call %allowance__geb89 v19 v24 v2;
        call %abi_encode_u256 v26;
        unreachable;

    block4:
        call %abi_encode_string 31840933704928615426292613906591192052886564858731089189578963311002547912704.i256 7.i256;
        unreachable;

    block5:
        call %abi_encode_string 31784391594991486112232083260356792451358613714049171750120207607087736291328.i256 3.i256;
        unreachable;

    block6:
        call %abi_encode_u256 18.i256;
        unreachable;

    block7:
        v33.i256 = call %calldataload undef.objref<@layout_2> 4.i256;
        v35.@layout_0 = insert_value undef.@layout_0 0.i256 v33;
        v37.i256 = call %calldataload undef.objref<@layout_2> 36.i256;
        v39.i256 = call %transfer__gd1d8 v35 v37 v2;
        call %abi_encode_u256 v39;
        unreachable;

    block8:
        v41.i256 = call %calldataload undef.objref<@layout_2> 4.i256;
        v43.@layout_0 = insert_value undef.@layout_0 0.i256 v41;
        v45.i256 = call %calldataload undef.objref<@layout_2> 36.i256;
        v47.i256 = call %approve__gb6ca v43 v45 v2;
        call %abi_encode_u256 v47;
        unreachable;

    block9:
        v49.i256 = call %calldataload undef.objref<@layout_2> 4.i256;
        v51.@layout_0 = insert_value undef.@layout_0 0.i256 v49;
        v53.i256 = call %calldataload undef.objref<@layout_2> 36.i256;
        v55.@layout_0 = insert_value undef.@layout_0 0.i256 v53;
        v58.i256 = call %calldataload undef.objref<@layout_2> 68.i256;
        v60.i256 = call %transfer_from__gd1d8 v51 v55 v58 v2;
        call %abi_encode_u256 v60;
        unreachable;

    block10:
        v62.i256 = call %calldataload undef.objref<@layout_2> 4.i256;
        v64.@layout_0 = insert_value undef.@layout_0 0.i256 v62;
        v66.i256 = call %calldataload undef.objref<@layout_2> 36.i256;
        v68.i256 = call %mint__gd1d8 v64 v66 v2;
        call %abi_encode_u256 v68;
        unreachable;

    block11:
        call %std__lib__evm__effects__impl_trait_Evm_0098__revert_766b undef.objref<@layout_2> 0.i256 0.i256;
        unreachable;

    block12:
        v72.i1 = eq v6 3714247998.i256;
        br v72 block3 block13;

    block13:
        v75.i1 = eq v6 117300739.i256;
        br v75 block4 block14;

    block14:
        v78.i1 = eq v6 2514000705.i256;
        br v78 block5 block15;

    block15:
        v81.i1 = eq v6 826074471.i256;
        br v81 block6 block16;

    block16:
        v84.i1 = eq v6 2835717307.i256;
        br v84 block7 block17;

    block17:
        v87.i1 = eq v6 157198259.i256;
        br v87 block8 block18;

    block18:
        v90.i1 = eq v6 599290589.i256;
        br v90 block9 block19;

    block19:
        v93.i1 = eq v6 1086394137.i256;
        br v93 block10 block20;

    block20:
        jump block11;
}

func inline(always) private %std__lib__evm__storage_map__impl_StorageMap_9f54__set__ga15b_005d(v0.i256, v1.@layout_3, v2.i256) {
    block0:
        jump block1;

    block1:
        call %std__lib__evm__storage_map__impl_StorageMap_9f54__set_unchecked__ga15b_7d9b v0 v1 v2;
        return;
}

func inline(always) private %std__lib__evm__storage_map__impl_StorageMap_9f54__set__ga15b_5971(v0.i256, v1.@layout_3, v2.i256) {
    block0:
        jump block1;

    block1:
        call %std__lib__evm__storage_map__impl_StorageMap_9f54__set_unchecked__ga15b_4ca5 v0 v1 v2;
        return;
}

func inline(always) private %std__lib__evm__storage_map__impl_StorageMap_9f54__set__g2163_e08a(v0.i256, v1.@layout_0, v2.i256) {
    block0:
        jump block1;

    block1:
        call %std__lib__evm__storage_map__impl_StorageMap_9f54__set_unchecked__g2163_ef16 v0 v1 v2;
        return;
}

func inline(always) private %std__lib__evm__storage_map__impl_StorageMap_9f54__set__g2163_e08a_0(v0.i256, v1.@layout_0, v2.i256) {
    block0:
        jump block1;

    block1:
        call %std__lib__evm__storage_map__impl_StorageMap_9f54__set_unchecked__g2163_ef16_0 v0 v1 v2;
        return;
}

func inline(always) private %std__lib__evm__storage_map__impl_StorageMap_9f54__set__g2163_e08a_1(v0.i256, v1.@layout_0, v2.i256) {
    block0:
        jump block1;

    block1:
        call %std__lib__evm__storage_map__impl_StorageMap_9f54__set_unchecked__g2163_ef16_1 v0 v1 v2;
        return;
}

func private %set_owner_once(v0.i256, v1.@layout_0) {
    block0:
        v2.objref<@layout_0> = obj.alloc @layout_0;
        jump block1;

    block1:
        v5.i256 = add v0 1.i256;
        v7.i256 = evm_sload v5;
        v9.@layout_0 = insert_value undef.@layout_0 0.i256 v7;
        v10.@layout_0 = call %zero;
        v11.objref<i256> = obj.proj v2 0.i256;
        v12.i256 = extract_value v10 0.i256;
        obj.store v11 v12;
        v13.i256 = add v0 1.i256;
        v14.@layout_0 = obj.load v2;
        v15.i1 = call %core__lib__ops__trait_Eq__ne__g7528_324d v13 v14;
        br v15 block2 block3;

    block2:
        call %std__lib__evm__effects__impl_trait_Evm_0098__revert_21e6_1 undef.objref<@layout_2> 0.i256 0.i256;
        unreachable;

    block3:
        jump block4;

    block4:
        v19.i256 = add v0 1.i256;
        v20.i256 = extract_value v1 0.i256;
        evm_sstore v19 v20;
        return;
}

func inline(always) private %std__lib__evm__storage_map__impl_StorageMap_9f54__set_unchecked__ga15b_4ca5(v0.i256, v1.@layout_3, v2.i256) {
    block0:
        jump block1;

    block1:
        v5.i256 = call %std__lib__evm__word__impl_trait_u256_1f9e__to_word_b350 v2;
        call %std__lib__evm__storage_map__storagemap_set_word_with_salt__g7bf4_f41c v1 1.i256 v5;
        return;
}

func inline(always) private %std__lib__evm__storage_map__impl_StorageMap_9f54__set_unchecked__ga15b_7d9b(v0.i256, v1.@layout_3, v2.i256) {
    block0:
        jump block1;

    block1:
        v5.i256 = call %std__lib__evm__word__impl_trait_u256_1f9e__to_word_c57e v2;
        call %std__lib__evm__storage_map__storagemap_set_word_with_salt__g7bf4_84d2 v1 1.i256 v5;
        return;
}

func inline(always) private %std__lib__evm__storage_map__impl_StorageMap_9f54__set_unchecked__g2163_ef16(v0.i256, v1.@layout_0, v2.i256) {
    block0:
        jump block1;

    block1:
        v5.i256 = call %std__lib__evm__word__impl_trait_u256_1f9e__to_word_fb94 v2;
        call %std__lib__evm__storage_map__storagemap_set_word_with_salt__g67a8_1609 v1 0.i256 v5;
        return;
}

func inline(always) private %std__lib__evm__storage_map__impl_StorageMap_9f54__set_unchecked__g2163_ef16_0(v0.i256, v1.@layout_0, v2.i256) {
    block0:
        jump block1;

    block1:
        v5.i256 = call %std__lib__evm__word__impl_trait_u256_1f9e__to_word_fb94_0 v2;
        call %std__lib__evm__storage_map__storagemap_set_word_with_salt__g67a8_1609_0 v1 0.i256 v5;
        return;
}

func inline(always) private %std__lib__evm__storage_map__impl_StorageMap_9f54__set_unchecked__g2163_ef16_1(v0.i256, v1.@layout_0, v2.i256) {
    block0:
        jump block1;

    block1:
        v5.i256 = call %std__lib__evm__word__impl_trait_u256_1f9e__to_word_fb94_1 v2;
        call %std__lib__evm__storage_map__storagemap_set_word_with_salt__g67a8_1609_1 v1 0.i256 v5;
        return;
}

func private %std__lib__evm__effects__trait_RawStorage__stor_ptr__g3730_fbaa(v0.objref<@layout_2>, v1.i256) -> i256 {
    block0:
        jump block1;

    block1:
        v3.i256 = call %core__lib__effect_ref__impl_trait_StorPtr_27da__from_raw__gb51e_b944 v1;
        return v3;
}

func private %std__lib__evm__effects__trait_RawStorage__stor_ptr__g3730_fbaa_0(v0.objref<@layout_2>, v1.i256) -> i256 {
    block0:
        jump block1;

    block1:
        v3.i256 = call %core__lib__effect_ref__impl_trait_StorPtr_27da__from_raw__gb51e_b944_0 v1;
        return v3;
}

func inline(always) private %std__lib__evm__storage_map__storagemap_get_word_with_salt__g67a8_71c2(v0.@layout_0, v1.i256) -> i256 {
    block0:
        jump block1;

    block1:
        v4.i256 = call %std__lib__evm__storage_map__storagemap_storage_slot_with_salt__g67a8_501d v0 v1;
        v5.i256 = evm_sload v4;
        return v5;
}

func inline(always) private %std__lib__evm__storage_map__storagemap_get_word_with_salt__g67a8_71c2_0(v0.@layout_0, v1.i256) -> i256 {
    block0:
        jump block1;

    block1:
        v4.i256 = call %std__lib__evm__storage_map__storagemap_storage_slot_with_salt__g67a8_501d_0 v0 v1;
        v5.i256 = evm_sload v4;
        return v5;
}

func inline(always) private %std__lib__evm__storage_map__storagemap_get_word_with_salt__g67a8_71c2_1(v0.@layout_0, v1.i256) -> i256 {
    block0:
        jump block1;

    block1:
        v4.i256 = call %std__lib__evm__storage_map__storagemap_storage_slot_with_salt__g67a8_501d_1 v0 v1;
        v5.i256 = evm_sload v4;
        return v5;
}

func inline(always) private %std__lib__evm__storage_map__storagemap_get_word_with_salt__g67a8_bfbb(v0.@layout_0, v1.i256) -> i256 {
    block0:
        jump block1;

    block1:
        v4.i256 = call %std__lib__evm__storage_map__storagemap_storage_slot_with_salt__g67a8_e7af v0 v1;
        v5.i256 = evm_sload v4;
        return v5;
}

func inline(always) private %std__lib__evm__storage_map__storagemap_get_word_with_salt__g7bf4_df22(v0.@layout_3, v1.i256) -> i256 {
    block0:
        jump block1;

    block1:
        v4.i256 = call %std__lib__evm__storage_map__storagemap_storage_slot_with_salt__g7bf4_a633 v0 v1;
        v5.i256 = evm_sload v4;
        return v5;
}

func inline(always) private %std__lib__evm__storage_map__storagemap_get_word_with_salt__g7bf4_fdb1(v0.@layout_3, v1.i256) -> i256 {
    block0:
        jump block1;

    block1:
        v4.i256 = call %std__lib__evm__storage_map__storagemap_storage_slot_with_salt__g7bf4_d8a5 v0 v1;
        v5.i256 = evm_sload v4;
        return v5;
}

func inline(always) private %std__lib__evm__storage_map__storagemap_set_word_with_salt__g67a8_1609(v0.@layout_0, v1.i256, v2.i256) {
    block0:
        jump block1;

    block1:
        v5.i256 = call %std__lib__evm__storage_map__storagemap_storage_slot_with_salt__g67a8_501d v0 v1;
        evm_sstore v5 v2;
        return;
}

func inline(always) private %std__lib__evm__storage_map__storagemap_set_word_with_salt__g67a8_1609_0(v0.@layout_0, v1.i256, v2.i256) {
    block0:
        jump block1;

    block1:
        v5.i256 = call %std__lib__evm__storage_map__storagemap_storage_slot_with_salt__g67a8_501d_0 v0 v1;
        evm_sstore v5 v2;
        return;
}

func inline(always) private %std__lib__evm__storage_map__storagemap_set_word_with_salt__g67a8_1609_1(v0.@layout_0, v1.i256, v2.i256) {
    block0:
        jump block1;

    block1:
        v5.i256 = call %std__lib__evm__storage_map__storagemap_storage_slot_with_salt__g67a8_501d_1 v0 v1;
        evm_sstore v5 v2;
        return;
}

func inline(always) private %std__lib__evm__storage_map__storagemap_set_word_with_salt__g7bf4_84d2(v0.@layout_3, v1.i256, v2.i256) {
    block0:
        jump block1;

    block1:
        v5.i256 = call %std__lib__evm__storage_map__storagemap_storage_slot_with_salt__g7bf4_a633 v0 v1;
        evm_sstore v5 v2;
        return;
}

func inline(always) private %std__lib__evm__storage_map__storagemap_set_word_with_salt__g7bf4_f41c(v0.@layout_3, v1.i256, v2.i256) {
    block0:
        jump block1;

    block1:
        v5.i256 = call %std__lib__evm__storage_map__storagemap_storage_slot_with_salt__g7bf4_288a v0 v1;
        evm_sstore v5 v2;
        return;
}

func inline(always) private %std__lib__evm__storage_map__storagemap_storage_slot_with_salt__g7bf4_288a(v0.@layout_3, v1.i256) -> i256 {
    block0:
        jump block1;

    block1:
        v3.*i8 = evm_malloc 0.i256;
        v4.i256 = ptr_to_int v3 i256;
        v6.i256 = call %std__lib__evm__storage_map__impl_trait____9761__write_key__g7528_9295 v4 v0;
        (v7.i256, v8.i1) = uaddo v4 v6;
        br v8 block2 block3;

    block2:
        mstore 0.i256 35408467139433450592217433187231851964531694900788300625387963629091585785856.i256 i256;
        mstore 4.i256 17.i256 i256;
        evm_revert 0.i256 36.i256;

    block3:
        mstore v7 v1 i256;
        (v17.i256, v18.i1) = uaddo v6 32.i256;
        br v18 block2 block4;

    block4:
        v20.i256 = evm_keccak256 v4 v17;
        return v20;
}

func inline(always) private %std__lib__evm__storage_map__storagemap_storage_slot_with_salt__g67a8_501d(v0.@layout_0, v1.i256) -> i256 {
    block0:
        jump block1;

    block1:
        v3.*i8 = evm_malloc 0.i256;
        v4.i256 = ptr_to_int v3 i256;
        v6.i256 = call %std__lib__evm__storage_map__impl_trait_Address_4d4e__write_key_5efc v4 v0;
        (v7.i256, v8.i1) = uaddo v4 v6;
        br v8 block2 block3;

    block2:
        mstore 0.i256 35408467139433450592217433187231851964531694900788300625387963629091585785856.i256 i256;
        mstore 4.i256 17.i256 i256;
        evm_revert 0.i256 36.i256;

    block3:
        mstore v7 v1 i256;
        (v17.i256, v18.i1) = uaddo v6 32.i256;
        br v18 block2 block4;

    block4:
        v20.i256 = evm_keccak256 v4 v17;
        return v20;
}

func inline(always) private %std__lib__evm__storage_map__storagemap_storage_slot_with_salt__g67a8_501d_0(v0.@layout_0, v1.i256) -> i256 {
    block0:
        jump block1;

    block1:
        v3.*i8 = evm_malloc 0.i256;
        v4.i256 = ptr_to_int v3 i256;
        v6.i256 = call %std__lib__evm__storage_map__impl_trait_Address_4d4e__write_key_5efc_0 v4 v0;
        (v7.i256, v8.i1) = uaddo v4 v6;
        br v8 block2 block3;

    block2:
        mstore 0.i256 35408467139433450592217433187231851964531694900788300625387963629091585785856.i256 i256;
        mstore 4.i256 17.i256 i256;
        evm_revert 0.i256 36.i256;

    block3:
        mstore v7 v1 i256;
        (v17.i256, v18.i1) = uaddo v6 32.i256;
        br v18 block2 block4;

    block4:
        v20.i256 = evm_keccak256 v4 v17;
        return v20;
}

func inline(always) private %std__lib__evm__storage_map__storagemap_storage_slot_with_salt__g67a8_501d_1(v0.@layout_0, v1.i256) -> i256 {
    block0:
        jump block1;

    block1:
        v3.*i8 = evm_malloc 0.i256;
        v4.i256 = ptr_to_int v3 i256;
        v6.i256 = call %std__lib__evm__storage_map__impl_trait_Address_4d4e__write_key_5efc_1 v4 v0;
        (v7.i256, v8.i1) = uaddo v4 v6;
        br v8 block2 block3;

    block2:
        mstore 0.i256 35408467139433450592217433187231851964531694900788300625387963629091585785856.i256 i256;
        mstore 4.i256 17.i256 i256;
        evm_revert 0.i256 36.i256;

    block3:
        mstore v7 v1 i256;
        (v17.i256, v18.i1) = uaddo v6 32.i256;
        br v18 block2 block4;

    block4:
        v20.i256 = evm_keccak256 v4 v17;
        return v20;
}

func inline(always) private %std__lib__evm__storage_map__storagemap_storage_slot_with_salt__g7bf4_a633(v0.@layout_3, v1.i256) -> i256 {
    block0:
        jump block1;

    block1:
        v3.*i8 = evm_malloc 0.i256;
        v4.i256 = ptr_to_int v3 i256;
        v6.i256 = call %std__lib__evm__storage_map__impl_trait____9761__write_key__g7528_2879 v4 v0;
        (v7.i256, v8.i1) = uaddo v4 v6;
        br v8 block2 block3;

    block2:
        mstore 0.i256 35408467139433450592217433187231851964531694900788300625387963629091585785856.i256 i256;
        mstore 4.i256 17.i256 i256;
        evm_revert 0.i256 36.i256;

    block3:
        mstore v7 v1 i256;
        (v17.i256, v18.i1) = uaddo v6 32.i256;
        br v18 block2 block4;

    block4:
        v20.i256 = evm_keccak256 v4 v17;
        return v20;
}

func inline(always) private %std__lib__evm__storage_map__storagemap_storage_slot_with_salt__g7bf4_d8a5(v0.@layout_3, v1.i256) -> i256 {
    block0:
        jump block1;

    block1:
        v3.*i8 = evm_malloc 0.i256;
        v4.i256 = ptr_to_int v3 i256;
        v6.i256 = call %std__lib__evm__storage_map__impl_trait____9761__write_key__g7528_d74c v4 v0;
        (v7.i256, v8.i1) = uaddo v4 v6;
        br v8 block2 block3;

    block2:
        mstore 0.i256 35408467139433450592217433187231851964531694900788300625387963629091585785856.i256 i256;
        mstore 4.i256 17.i256 i256;
        evm_revert 0.i256 36.i256;

    block3:
        mstore v7 v1 i256;
        (v17.i256, v18.i1) = uaddo v6 32.i256;
        br v18 block2 block4;

    block4:
        v20.i256 = evm_keccak256 v4 v17;
        return v20;
}

func inline(always) private %std__lib__evm__storage_map__storagemap_storage_slot_with_salt__g67a8_e7af(v0.@layout_0, v1.i256) -> i256 {
    block0:
        jump block1;

    block1:
        v3.*i8 = evm_malloc 0.i256;
        v4.i256 = ptr_to_int v3 i256;
        v6.i256 = call %std__lib__evm__storage_map__impl_trait_Address_4d4e__write_key_72b5 v4 v0;
        (v7.i256, v8.i1) = uaddo v4 v6;
        br v8 block2 block3;

    block2:
        mstore 0.i256 35408467139433450592217433187231851964531694900788300625387963629091585785856.i256 i256;
        mstore 4.i256 17.i256 i256;
        evm_revert 0.i256 36.i256;

    block3:
        mstore v7 v1 i256;
        (v17.i256, v18.i1) = uaddo v6 32.i256;
        br v18 block2 block4;

    block4:
        v20.i256 = evm_keccak256 v4 v17;
        return v20;
}

func private %std__lib__evm__word__impl_trait_u256_1f9e__to_word_b350(v0.i256) -> i256 {
    block0:
        jump block1;

    block1:
        return v0;
}

func private %std__lib__evm__word__impl_trait_u256_1f9e__to_word_c57e(v0.i256) -> i256 {
    block0:
        jump block1;

    block1:
        return v0;
}

func private %std__lib__evm__word__impl_trait_u256_1f9e__to_word_fb94(v0.i256) -> i256 {
    block0:
        jump block1;

    block1:
        return v0;
}

func private %std__lib__evm__word__impl_trait_u256_1f9e__to_word_fb94_0(v0.i256) -> i256 {
    block0:
        jump block1;

    block1:
        return v0;
}

func private %std__lib__evm__word__impl_trait_u256_1f9e__to_word_fb94_1(v0.i256) -> i256 {
    block0:
        jump block1;

    block1:
        return v0;
}

func private %transfer__gd1d8(v0.@layout_0, v1.i256, v2.i256) -> i256 {
    block0:
        jump block1;

    block1:
        v5.@layout_0 = call %std__lib__evm__effects__impl_trait_Evm_a1e8__caller_d804 undef.objref<@layout_2>;
        call %standalone_erc20_low_level__erc20_low_level__impl_Erc20_16d9__transfer__g0f37_dd4a v2 v5 v0 v1;
        return 1.i256;
}

func private %standalone_erc20_low_level__erc20_low_level__impl_Erc20_16d9__transfer__g0f37_dd4a(v0.i256, v1.@layout_0, v2.@layout_0, v3.i256) {
    block0:
        jump block1;

    block1:
        v6.i256 = call %standalone_erc20_low_level__erc20_low_level__impl_Erc20_16d9__balance_of__g35d6_d3f5_0 v0 v1;
        v8.i1 = lt v6 v3;
        br v8 block2 block3;

    block2:
        call %std__lib__evm__effects__impl_trait_Evm_0098__revert_21e6_0 undef.objref<@layout_2> 0.i256 0.i256;
        unreachable;

    block3:
        jump block4;

    block4:
        v13.i256 = call %standalone_erc20_low_level__erc20_low_level__impl_Erc20_16d9__balance_of__g35d6_d3f5_0 v0 v2;
        (v17.i256, v18.i1) = usubo v6 v3;
        br v18 block5 block6;

    block5:
        mstore 0.i256 35408467139433450592217433187231851964531694900788300625387963629091585785856.i256 i256;
        mstore 4.i256 17.i256 i256;
        evm_revert 0.i256 36.i256;

    block6:
        call %std__lib__evm__storage_map__impl_StorageMap_9f54__set__g2163_e08a_0 v0 v1 v17;
        (v30.i256, v31.i1) = uaddo v13 v3;
        br v31 block5 block7;

    block7:
        call %std__lib__evm__storage_map__impl_StorageMap_9f54__set__g2163_e08a_0 v0 v2 v30;
        return;
}

func private %standalone_erc20_low_level__erc20_low_level__impl_Erc20_16d9__transfer__g0f37_dd4a_0(v0.i256, v1.@layout_0, v2.@layout_0, v3.i256) {
    block0:
        jump block1;

    block1:
        v6.i256 = call %standalone_erc20_low_level__erc20_low_level__impl_Erc20_16d9__balance_of__g35d6_d3f5_1 v0 v1;
        v8.i1 = lt v6 v3;
        br v8 block2 block3;

    block2:
        call %std__lib__evm__effects__impl_trait_Evm_0098__revert_21e6_2 undef.objref<@layout_2> 0.i256 0.i256;
        unreachable;

    block3:
        jump block4;

    block4:
        v13.i256 = call %standalone_erc20_low_level__erc20_low_level__impl_Erc20_16d9__balance_of__g35d6_d3f5_1 v0 v2;
        (v17.i256, v18.i1) = usubo v6 v3;
        br v18 block5 block6;

    block5:
        mstore 0.i256 35408467139433450592217433187231851964531694900788300625387963629091585785856.i256 i256;
        mstore 4.i256 17.i256 i256;
        evm_revert 0.i256 36.i256;

    block6:
        call %std__lib__evm__storage_map__impl_StorageMap_9f54__set__g2163_e08a_1 v0 v1 v17;
        (v30.i256, v31.i1) = uaddo v13 v3;
        br v31 block5 block7;

    block7:
        call %std__lib__evm__storage_map__impl_StorageMap_9f54__set__g2163_e08a_1 v0 v2 v30;
        return;
}

func private %transfer_from__gd1d8(v0.@layout_0, v1.@layout_0, v2.i256, v3.i256) -> i256 {
    block0:
        jump block1;

    block1:
        call %transfer_from__g0502 v3 v0 v1 v2;
        return 1.i256;
}

func private %transfer_from__g0502(v0.i256, v1.@layout_0, v2.@layout_0, v3.i256) {
    block0:
        jump block1;

    block1:
        v5.@layout_0 = call %std__lib__evm__effects__impl_trait_Evm_a1e8__caller_d804_1 undef.objref<@layout_2>;
        v8.i256 = call %allowance__g35d6 v0 v1 v5;
        v10.i1 = lt v8 v3;
        br v10 block2 block3;

    block2:
        call %std__lib__evm__effects__impl_trait_Evm_0098__revert_21e6 undef.objref<@layout_2> 0.i256 0.i256;
        unreachable;

    block3:
        jump block4;

    block4:
        call %standalone_erc20_low_level__erc20_low_level__impl_Erc20_16d9__transfer__g0f37_dd4a_0 v0 v1 v2 v3;
        v19.@layout_3 = insert_value undef.@layout_3 0.i256 v1;
        v22.@layout_3 = insert_value v19 1.i256 v5;
        (v24.i256, v25.i1) = usubo v8 v3;
        br v25 block5 block6;

    block5:
        mstore 0.i256 35408467139433450592217433187231851964531694900788300625387963629091585785856.i256 i256;
        mstore 4.i256 17.i256 i256;
        evm_revert 0.i256 36.i256;

    block6:
        call %std__lib__evm__storage_map__impl_StorageMap_9f54__set__ga15b_005d v0 v22 v24;
        return;
}

func inline(always) private %std__lib__evm__storage_map__impl_trait_Address_4d4e__write_key_1ccc(v0.i256, v1.@layout_0) -> i256 {
    block0:
        jump block1;

    block1:
        v5.i256 = extract_value v1 0.i256;
        v6.i256 = call %std__lib__evm__storage_map__impl_trait_u256_0dfe__write_key_a6f4 v0 v5;
        return v6;
}

func inline(always) private %std__lib__evm__storage_map__impl_trait____9761__write_key__g7528_2879(v0.i256, v1.@layout_3) -> i256 {
    block0:
        jump block1;

    block1:
        v5.@layout_0 = extract_value v1 0.i256;
        v6.i256 = call %std__lib__evm__storage_map__impl_trait_Address_4d4e__write_key_b135 v0 v5;
        (v7.i256, v8.i1) = uaddo v0 v6;
        br v8 block2 block3;

    block2:
        mstore 0.i256 35408467139433450592217433187231851964531694900788300625387963629091585785856.i256 i256;
        mstore 4.i256 17.i256 i256;
        evm_revert 0.i256 36.i256;

    block3:
        v15.@layout_0 = extract_value v1 1.i256;
        v16.i256 = call %std__lib__evm__storage_map__impl_trait_Address_4d4e__write_key_b135 v7 v15;
        (v18.i256, v19.i1) = uaddo v6 v16;
        br v19 block2 block4;

    block4:
        return v18;
}

func inline(always) private %std__lib__evm__storage_map__impl_trait_u256_0dfe__write_key_4327(v0.i256, v1.i256) -> i256 {
    block0:
        jump block1;

    block1:
        mstore v0 v1 i256;
        return 32.i256;
}

func inline(always) private %std__lib__evm__storage_map__impl_trait_Address_4d4e__write_key_5efc(v0.i256, v1.@layout_0) -> i256 {
    block0:
        jump block1;

    block1:
        v5.i256 = extract_value v1 0.i256;
        v6.i256 = call %std__lib__evm__storage_map__impl_trait_u256_0dfe__write_key_7bb3 v0 v5;
        return v6;
}

func inline(always) private %std__lib__evm__storage_map__impl_trait_Address_4d4e__write_key_5efc_0(v0.i256, v1.@layout_0) -> i256 {
    block0:
        jump block1;

    block1:
        v5.i256 = extract_value v1 0.i256;
        v6.i256 = call %std__lib__evm__storage_map__impl_trait_u256_0dfe__write_key_7bb3_0 v0 v5;
        return v6;
}

func inline(always) private %std__lib__evm__storage_map__impl_trait_Address_4d4e__write_key_5efc_1(v0.i256, v1.@layout_0) -> i256 {
    block0:
        jump block1;

    block1:
        v5.i256 = extract_value v1 0.i256;
        v6.i256 = call %std__lib__evm__storage_map__impl_trait_u256_0dfe__write_key_7bb3_1 v0 v5;
        return v6;
}

func inline(always) private %std__lib__evm__storage_map__impl_trait_Address_4d4e__write_key_72b5(v0.i256, v1.@layout_0) -> i256 {
    block0:
        jump block1;

    block1:
        v5.i256 = extract_value v1 0.i256;
        v6.i256 = call %std__lib__evm__storage_map__impl_trait_u256_0dfe__write_key_f2a4 v0 v5;
        return v6;
}

func inline(always) private %std__lib__evm__storage_map__impl_trait_u256_0dfe__write_key_7bb3(v0.i256, v1.i256) -> i256 {
    block0:
        jump block1;

    block1:
        mstore v0 v1 i256;
        return 32.i256;
}

func inline(always) private %std__lib__evm__storage_map__impl_trait_u256_0dfe__write_key_7bb3_0(v0.i256, v1.i256) -> i256 {
    block0:
        jump block1;

    block1:
        mstore v0 v1 i256;
        return 32.i256;
}

func inline(always) private %std__lib__evm__storage_map__impl_trait_u256_0dfe__write_key_7bb3_1(v0.i256, v1.i256) -> i256 {
    block0:
        jump block1;

    block1:
        mstore v0 v1 i256;
        return 32.i256;
}

func inline(always) private %std__lib__evm__storage_map__impl_trait_u256_0dfe__write_key_7d35(v0.i256, v1.i256) -> i256 {
    block0:
        jump block1;

    block1:
        mstore v0 v1 i256;
        return 32.i256;
}

func inline(always) private %std__lib__evm__storage_map__impl_trait_Address_4d4e__write_key_8589(v0.i256, v1.@layout_0) -> i256 {
    block0:
        jump block1;

    block1:
        v5.i256 = extract_value v1 0.i256;
        v6.i256 = call %std__lib__evm__storage_map__impl_trait_u256_0dfe__write_key_7d35 v0 v5;
        return v6;
}

func inline(always) private %std__lib__evm__storage_map__impl_trait____9761__write_key__g7528_9295(v0.i256, v1.@layout_3) -> i256 {
    block0:
        jump block1;

    block1:
        v5.@layout_0 = extract_value v1 0.i256;
        v6.i256 = call %std__lib__evm__storage_map__impl_trait_Address_4d4e__write_key_8589 v0 v5;
        (v7.i256, v8.i1) = uaddo v0 v6;
        br v8 block2 block3;

    block2:
        mstore 0.i256 35408467139433450592217433187231851964531694900788300625387963629091585785856.i256 i256;
        mstore 4.i256 17.i256 i256;
        evm_revert 0.i256 36.i256;

    block3:
        v15.@layout_0 = extract_value v1 1.i256;
        v16.i256 = call %std__lib__evm__storage_map__impl_trait_Address_4d4e__write_key_8589 v7 v15;
        (v18.i256, v19.i1) = uaddo v6 v16;
        br v19 block2 block4;

    block4:
        return v18;
}

func inline(always) private %std__lib__evm__storage_map__impl_trait_u256_0dfe__write_key_a6f4(v0.i256, v1.i256) -> i256 {
    block0:
        jump block1;

    block1:
        mstore v0 v1 i256;
        return 32.i256;
}

func inline(always) private %std__lib__evm__storage_map__impl_trait_Address_4d4e__write_key_b135(v0.i256, v1.@layout_0) -> i256 {
    block0:
        jump block1;

    block1:
        v5.i256 = extract_value v1 0.i256;
        v6.i256 = call %std__lib__evm__storage_map__impl_trait_u256_0dfe__write_key_4327 v0 v5;
        return v6;
}

func inline(always) private %std__lib__evm__storage_map__impl_trait____9761__write_key__g7528_d74c(v0.i256, v1.@layout_3) -> i256 {
    block0:
        jump block1;

    block1:
        v5.@layout_0 = extract_value v1 0.i256;
        v6.i256 = call %std__lib__evm__storage_map__impl_trait_Address_4d4e__write_key_1ccc v0 v5;
        (v7.i256, v8.i1) = uaddo v0 v6;
        br v8 block2 block3;

    block2:
        mstore 0.i256 35408467139433450592217433187231851964531694900788300625387963629091585785856.i256 i256;
        mstore 4.i256 17.i256 i256;
        evm_revert 0.i256 36.i256;

    block3:
        v15.@layout_0 = extract_value v1 1.i256;
        v16.i256 = call %std__lib__evm__storage_map__impl_trait_Address_4d4e__write_key_1ccc v7 v15;
        (v18.i256, v19.i1) = uaddo v6 v16;
        br v19 block2 block4;

    block4:
        return v18;
}

func inline(always) private %std__lib__evm__storage_map__impl_trait_u256_0dfe__write_key_f2a4(v0.i256, v1.i256) -> i256 {
    block0:
        jump block1;

    block1:
        mstore v0 v1 i256;
        return 32.i256;
}

func private %zero() -> @layout_0 {
    block0:
        jump block1;

    block1:
        v1.constref<@layout_0> = const.ref $const_region_0;
        v2.objref<@layout_0> = obj.alloc @layout_0;
        obj.init.const v2 v1;
        v3.@layout_0 = obj.load v2;
        return v3;
}


object @Erc20Contract {
    section init {
        entry %manual_contract_init_root_Erc20Contract;
        embed .runtime as &__Erc20Contract_runtime;
    }
    section runtime {
        entry %manual_contract_runtime_root_Erc20Contract;
    }
}
