---
source: crates/codegen/tests/sonatina_ir.rs
expression: output
input_file: crates/codegen/tests/fixtures/match_fn_call.fe
---
target = "evm-ethereum-osaka"

type @layout_0 = {};
type @layout_1 = {@layout_0};

func private %std__lib__evm__effects__impl_trait_Evm_0098__calldataload_ff8a(v0.objref<@layout_1>, v1.i256) -> i256 {
    block0:
        jump block1;

    block1:
        v3.i256 = evm_calldata_load v1;
        return v3;
}

func private %std__lib__evm__effects__impl_trait_Evm_0098__calldataload_ff8a_0(v0.objref<@layout_1>, v1.i256) -> i256 {
    block0:
        jump block1;

    block1:
        v3.i256 = evm_calldata_load v1;
        return v3;
}

func private %std__lib__evm__effects__impl_trait_Evm_0098__calldataload_ff8a_1(v0.objref<@layout_1>, v1.i256) -> i256 {
    block0:
        jump block1;

    block1:
        v3.i256 = evm_calldata_load v1;
        return v3;
}

func public %standalone_match_fn_call__match_fn_call__example__gcd5c_4226() -> i256 {
    block0:
        jump block1;

    block1:
        v0.i256 = call %standalone_match_fn_call__match_fn_call__read_selector__gcd5c_94d5;
        v2.i1 = eq v0 305419896.i256;
        br v2 block3 block6;

    block2:
        v3.i256 = phi (1.i256 block3) (2.i256 block4) (3.i256 block5);
        return v3;

    block3:
        jump block2;

    block4:
        jump block2;

    block5:
        jump block2;

    block6:
        v9.i1 = eq v0 591751049.i256;
        br v9 block4 block7;

    block7:
        jump block5;
}

func private %standalone_match_fn_call__match_fn_call__example__gcd5c_6cd2() -> i256 {
    block0:
        jump block1;

    block1:
        v0.i256 = call %standalone_match_fn_call__match_fn_call__read_selector__gcd5c_5a44;
        v2.i1 = eq v0 305419896.i256;
        br v2 block3 block6;

    block2:
        v3.i256 = phi (1.i256 block3) (2.i256 block4) (3.i256 block5);
        return v3;

    block3:
        jump block2;

    block4:
        jump block2;

    block5:
        jump block2;

    block6:
        v9.i1 = eq v0 591751049.i256;
        br v9 block4 block7;

    block7:
        jump block5;
}

func public %main() -> i256 {
    block0:
        jump block1;

    block1:
        v0.i256 = call %standalone_match_fn_call__match_fn_call__example__gcd5c_6cd2;
        return v0;
}

func public %main_root() {
    block0:
        jump block1;

    block1:
        v0.i256 = call %main;
        evm_stop;
}

func public %standalone_match_fn_call__match_fn_call__read_selector__gcd5c_044c() -> i256 {
    block0:
        jump block1;

    block1:
        v2.i256 = call %std__lib__evm__effects__impl_trait_Evm_0098__calldataload_ff8a undef.objref<@layout_1> 0.i256;
        v4.i256 = shr 224.i256 v2;
        return v4;
}

func private %standalone_match_fn_call__match_fn_call__read_selector__gcd5c_5a44() -> i256 {
    block0:
        jump block1;

    block1:
        v2.i256 = call %std__lib__evm__effects__impl_trait_Evm_0098__calldataload_ff8a_0 undef.objref<@layout_1> 0.i256;
        v4.i256 = shr 224.i256 v2;
        return v4;
}

func private %standalone_match_fn_call__match_fn_call__read_selector__gcd5c_94d5() -> i256 {
    block0:
        jump block1;

    block1:
        v2.i256 = call %std__lib__evm__effects__impl_trait_Evm_0098__calldataload_ff8a_1 undef.objref<@layout_1> 0.i256;
        v4.i256 = shr 224.i256 v2;
        return v4;
}


object @main {
    section main {
        entry %main_root;
    }
}
