---
source: crates/codegen/tests/sonatina_ir.rs
expression: output
input_file: crates/codegen/tests/fixtures/raw_log_emit.fe
---
target = "evm-ethereum-osaka"

type @layout_0 = {};
type @layout_1 = {@layout_0};

func private %from_raw(v0.i256) -> i256 {
    block0:
        jump block1;

    block1:
        return v0;
}

func private %log0(v0.objref<@layout_1>, v1.i256, v2.i256) {
    block0:
        jump block1;

    block1:
        evm_log0 v1 v2;
        return;
}

func public %main() {
    block0:
        jump block1;

    block1:
        call %raw_emit;
        return;
}

func public %main_root() {
    block0:
        jump block1;

    block1:
        call %main;
        evm_stop;
}

func private %mem_ptr(v0.objref<@layout_1>, v1.i256) -> i256 {
    block0:
        jump block1;

    block1:
        v3.i256 = call %from_raw v1;
        return v3;
}

func private %raw(v0.i256) -> i256 {
    block0:
        jump block1;

    block1:
        return v0;
}

func private %raw_emit() {
    block0:
        jump block1;

    block1:
        v2.i256 = call %mem_ptr undef.objref<@layout_1> 256.i256;
        v3.i256 = call %raw v2;
        call %log0 undef.objref<@layout_1> v3 32.i256;
        return;
}


object @main {
    section main {
        entry %main_root;
    }
}
