---
source: crates/codegen/tests/sonatina_ir.rs
expression: output
input_file: crates/codegen/tests/fixtures/revert.fe
---
target = "evm-ethereum-osaka"

type @layout_0 = {};
type @layout_1 = {@layout_0};

func private %standalone_revert__revert__fail__gcd5c_35c3() {
    block0:
        jump block1;

    block1:
        call %std__lib__evm__effects__impl_trait_Evm_d0d8__mstore_5ddd undef.objref<@layout_1> 0.i256 42.i256;
        call %std__lib__evm__effects__impl_trait_Evm_0098__revert_8def undef.objref<@layout_1> 0.i256 32.i256;
        unreachable;
}

func public %standalone_revert__revert__fail__gcd5c_cdbf() {
    block0:
        jump block1;

    block1:
        call %std__lib__evm__effects__impl_trait_Evm_d0d8__mstore_5ddd_0 undef.objref<@layout_1> 0.i256 42.i256;
        call %std__lib__evm__effects__impl_trait_Evm_0098__revert_8def_0 undef.objref<@layout_1> 0.i256 32.i256;
        unreachable;
}

func public %main() {
    block0:
        jump block1;

    block1:
        call %standalone_revert__revert__fail__gcd5c_35c3;
        unreachable;
}

func public %main_root() {
    block0:
        jump block1;

    block1:
        call %main;
        evm_stop;
}

func private %std__lib__evm__effects__impl_trait_Evm_d0d8__mstore_5ddd(v0.objref<@layout_1>, v1.i256, v2.i256) {
    block0:
        jump block1;

    block1:
        mstore v1 v2 i256;
        return;
}

func private %std__lib__evm__effects__impl_trait_Evm_d0d8__mstore_5ddd_0(v0.objref<@layout_1>, v1.i256, v2.i256) {
    block0:
        jump block1;

    block1:
        mstore v1 v2 i256;
        return;
}

func private %std__lib__evm__effects__impl_trait_Evm_0098__revert_8def(v0.objref<@layout_1>, v1.i256, v2.i256) {
    block0:
        jump block1;

    block1:
        evm_revert v1 v2;
}

func private %std__lib__evm__effects__impl_trait_Evm_0098__revert_8def_0(v0.objref<@layout_1>, v1.i256, v2.i256) {
    block0:
        jump block1;

    block1:
        evm_revert v1 v2;
}


object @main {
    section main {
        entry %main_root;
    }
}
