---
source: crates/codegen/tests/sonatina_ir.rs
expression: output
input_file: crates/codegen/tests/fixtures/storage_map_contract.fe
---
target = "evm-ethereum-osaka"

type @layout_0 = {};
type @layout_1 = {@layout_0};
type @layout_2 = {};
type @layout_3 = {@layout_2};
type @layout_4 = {@layout_2};

func private %abi_encode(v0.i256) {
    block0:
        jump block1;

    block1:
        call %mstore undef.objref<@layout_1> 0.i256 v0;
        call %std__lib__evm__effects__impl_trait_Evm_0098__return_data_de04 undef.objref<@layout_1> 0.i256 32.i256;
        unreachable;
}

func private %calldataload(v0.objref<@layout_1>, v1.i256) -> i256 {
    block0:
        jump block1;

    block1:
        v3.i256 = evm_calldata_load v1;
        return v3;
}

func private %codecopy(v0.objref<@layout_1>, v1.i256, v2.i256, v3.i256) {
    block0:
        jump block1;

    block1:
        evm_code_copy v1 v2 v3;
        return;
}

func private %std__lib__evm__word__impl_trait_u256_1f9e__from_word_461b(v0.i256) -> i256 {
    block0:
        jump block1;

    block1:
        return v0;
}

func private %std__lib__evm__word__impl_trait_u256_1f9e__from_word_461b_0(v0.i256) -> i256 {
    block0:
        jump block1;

    block1:
        return v0;
}

func private %std__lib__evm__word__impl_trait_u256_1f9e__from_word_461b_1(v0.i256) -> i256 {
    block0:
        jump block1;

    block1:
        return v0;
}

func inline(always) private %std__lib__evm__storage_map__impl_StorageMap_9f54__get__gcbe1_9b00(v0.i256) -> i256 {
    block0:
        jump block1;

    block1:
        v2.i256 = call %std__lib__evm__storage_map__impl_StorageMap_9f54__get_unchecked__gcbe1_8bec v0;
        return v2;
}

func inline(always) private %std__lib__evm__storage_map__impl_StorageMap_9f54__get__gcbe1_9b00_0(v0.i256) -> i256 {
    block0:
        jump block1;

    block1:
        v2.i256 = call %std__lib__evm__storage_map__impl_StorageMap_9f54__get_unchecked__gcbe1_8bec_0 v0;
        return v2;
}

func private %get_allowance(v0.i256) -> i256 {
    block0:
        jump block1;

    block1:
        v2.i256 = call %get__g7fdf v0;
        return v2;
}

func private %get_balance(v0.i256) -> i256 {
    block0:
        jump block1;

    block1:
        v2.i256 = call %std__lib__evm__storage_map__impl_StorageMap_9f54__get__gcbe1_9b00 v0;
        return v2;
}

func inline(always) private %get__g7fdf(v0.i256) -> i256 {
    block0:
        jump block1;

    block1:
        v2.i256 = call %get_unchecked__g7fdf v0;
        return v2;
}

func inline(always) private %get_unchecked__g7fdf(v0.i256) -> i256 {
    block0:
        jump block1;

    block1:
        v3.i256 = call %std__lib__evm__storage_map__storagemap_get_word_with_salt__ge513_a5dc v0 1.i256;
        v4.i256 = call %std__lib__evm__word__impl_trait_u256_1f9e__from_word_461b v3;
        return v4;
}

func inline(always) private %std__lib__evm__storage_map__impl_StorageMap_9f54__get_unchecked__gcbe1_8bec(v0.i256) -> i256 {
    block0:
        jump block1;

    block1:
        v3.i256 = call %std__lib__evm__storage_map__storagemap_get_word_with_salt__ge513_a5dc_0 v0 0.i256;
        v4.i256 = call %std__lib__evm__word__impl_trait_u256_1f9e__from_word_461b_0 v3;
        return v4;
}

func inline(always) private %std__lib__evm__storage_map__impl_StorageMap_9f54__get_unchecked__gcbe1_8bec_0(v0.i256) -> i256 {
    block0:
        jump block1;

    block1:
        v3.i256 = call %std__lib__evm__storage_map__storagemap_get_word_with_salt__ge513_a5dc_1 v0 0.i256;
        v4.i256 = call %std__lib__evm__word__impl_trait_u256_1f9e__from_word_461b_1 v3;
        return v4;
}

func private %init() {
    block0:
        jump block1;

    block1:
        v0.i256 = sym_size &__BalanceMap_runtime;
        v1.i256 = sym_addr &__BalanceMap_runtime;
        v2.*i8 = evm_malloc v0;
        v3.i256 = ptr_to_int v2 i256;
        call %codecopy undef.objref<@layout_1> v3 v1 v0;
        call %std__lib__evm__effects__impl_trait_Evm_0098__return_data_a0aa_0 undef.objref<@layout_1> v3 v0;
        unreachable;
}

func public %manual_contract_init_root_BalanceMap() {
    block0:
        jump block1;

    block1:
        call %init;
        evm_stop;
}

func public %manual_contract_runtime_root_BalanceMap() {
    block0:
        jump block1;

    block1:
        call %runtime;
        evm_stop;
}

func private %mstore(v0.objref<@layout_1>, v1.i256, v2.i256) {
    block0:
        jump block1;

    block1:
        mstore v1 v2 i256;
        return;
}

func private %new__g219d() {
    block0:
        jump block1;

    block1:
        call %new_unchecked__g7fdf;
        return;
}

func private %new__g10e6() {
    block0:
        jump block1;

    block1:
        call %new_unchecked__gcbe1;
        return;
}

func private %new_unchecked__gcbe1() {
    block0:
        jump block1;

    block1:
        return;
}

func private %new_unchecked__g7fdf() {
    block0:
        jump block1;

    block1:
        return;
}

func private %std__lib__evm__effects__impl_trait_Evm_0098__return_data_a0aa(v0.objref<@layout_1>, v1.i256, v2.i256) {
    block0:
        jump block1;

    block1:
        evm_return v1 v2;
}

func private %std__lib__evm__effects__impl_trait_Evm_0098__return_data_a0aa_0(v0.objref<@layout_1>, v1.i256, v2.i256) {
    block0:
        jump block1;

    block1:
        evm_return v1 v2;
}

func private %std__lib__evm__effects__impl_trait_Evm_0098__return_data_de04(v0.objref<@layout_1>, v1.i256, v2.i256) {
    block0:
        jump block1;

    block1:
        evm_return v1 v2;
}

func private %runtime() {
    block0:
        jump block1;

    block1:
        v2.i256 = call %calldataload undef.objref<@layout_1> 0.i256;
        v4.i256 = shr 224.i256 v2;
        call %new__g10e6;
        call %new__g219d;
        v8.i1 = eq v4 2630350600.i256;
        br v8 block2 block8;

    block2:
        v11.i256 = call %calldataload undef.objref<@layout_1> 4.i256;
        v12.i256 = call %get_balance v11;
        call %abi_encode v12;
        unreachable;

    block3:
        v14.i256 = call %calldataload undef.objref<@layout_1> 4.i256;
        v17.i256 = call %calldataload undef.objref<@layout_1> 36.i256;
        call %set_balance v14 v17;
        call %abi_encode 0.i256;
        unreachable;

    block4:
        v20.i256 = call %calldataload undef.objref<@layout_1> 4.i256;
        v22.i256 = call %calldataload undef.objref<@layout_1> 36.i256;
        v25.i256 = call %calldataload undef.objref<@layout_1> 68.i256;
        v26.i256 = call %transfer v20 v22 v25;
        call %abi_encode v26;
        unreachable;

    block5:
        v28.i256 = call %calldataload undef.objref<@layout_1> 4.i256;
        v29.i256 = call %get_allowance v28;
        call %abi_encode v29;
        unreachable;

    block6:
        v31.i256 = call %calldataload undef.objref<@layout_1> 4.i256;
        v33.i256 = call %calldataload undef.objref<@layout_1> 36.i256;
        call %set_allowance v31 v33;
        call %abi_encode 0.i256;
        unreachable;

    block7:
        call %std__lib__evm__effects__impl_trait_Evm_0098__return_data_a0aa undef.objref<@layout_1> 0.i256 0.i256;
        unreachable;

    block8:
        v38.i1 = eq v4 1246470123.i256;
        br v38 block3 block9;

    block9:
        v41.i1 = eq v4 2430412327.i256;
        br v41 block4 block10;

    block10:
        v44.i1 = eq v4 3378517838.i256;
        br v44 block5 block11;

    block11:
        v47.i1 = eq v4 197806145.i256;
        br v47 block6 block12;

    block12:
        jump block7;
}

func inline(always) private %set__gcbe1(v0.objref<@layout_3>, v1.i256, v2.i256) {
    block0:
        jump block1;

    block1:
        call %set_unchecked__gcbe1 v0 v1 v2;
        return;
}

func inline(always) private %set__g7fdf(v0.objref<@layout_4>, v1.i256, v2.i256) {
    block0:
        jump block1;

    block1:
        call %set_unchecked__g7fdf v0 v1 v2;
        return;
}

func private %set_allowance(v0.i256, v1.i256) {
    block0:
        jump block1;

    block1:
        call %set__g7fdf undef.objref<@layout_4> v0 v1;
        return;
}

func private %set_balance(v0.i256, v1.i256) {
    block0:
        jump block1;

    block1:
        call %set__gcbe1 undef.objref<@layout_3> v0 v1;
        return;
}

func inline(always) private %set_unchecked__gcbe1(v0.objref<@layout_3>, v1.i256, v2.i256) {
    block0:
        jump block1;

    block1:
        v5.i256 = call %std__lib__evm__word__impl_trait_u256_1f9e__to_word_1ead_0 v2;
        call %std__lib__evm__storage_map__storagemap_set_word_with_salt__ge513_d78d_0 v1 0.i256 v5;
        return;
}

func inline(always) private %set_unchecked__g7fdf(v0.objref<@layout_4>, v1.i256, v2.i256) {
    block0:
        jump block1;

    block1:
        v5.i256 = call %std__lib__evm__word__impl_trait_u256_1f9e__to_word_1ead v2;
        call %std__lib__evm__storage_map__storagemap_set_word_with_salt__ge513_d78d v1 1.i256 v5;
        return;
}

func inline(always) private %std__lib__evm__storage_map__storagemap_get_word_with_salt__ge513_a5dc(v0.i256, v1.i256) -> i256 {
    block0:
        jump block1;

    block1:
        v4.i256 = call %std__lib__evm__storage_map__storagemap_storage_slot_with_salt__ge513_f97d v0 v1;
        v5.i256 = evm_sload v4;
        return v5;
}

func inline(always) private %std__lib__evm__storage_map__storagemap_get_word_with_salt__ge513_a5dc_0(v0.i256, v1.i256) -> i256 {
    block0:
        jump block1;

    block1:
        v4.i256 = call %std__lib__evm__storage_map__storagemap_storage_slot_with_salt__ge513_f97d_0 v0 v1;
        v5.i256 = evm_sload v4;
        return v5;
}

func inline(always) private %std__lib__evm__storage_map__storagemap_get_word_with_salt__ge513_a5dc_1(v0.i256, v1.i256) -> i256 {
    block0:
        jump block1;

    block1:
        v4.i256 = call %std__lib__evm__storage_map__storagemap_storage_slot_with_salt__ge513_f97d_2 v0 v1;
        v5.i256 = evm_sload v4;
        return v5;
}

func inline(always) private %std__lib__evm__storage_map__storagemap_set_word_with_salt__ge513_d78d(v0.i256, v1.i256, v2.i256) {
    block0:
        jump block1;

    block1:
        v5.i256 = call %std__lib__evm__storage_map__storagemap_storage_slot_with_salt__ge513_f97d_1 v0 v1;
        evm_sstore v5 v2;
        return;
}

func inline(always) private %std__lib__evm__storage_map__storagemap_set_word_with_salt__ge513_d78d_0(v0.i256, v1.i256, v2.i256) {
    block0:
        jump block1;

    block1:
        v5.i256 = call %std__lib__evm__storage_map__storagemap_storage_slot_with_salt__ge513_f97d_2 v0 v1;
        evm_sstore v5 v2;
        return;
}

func inline(always) private %std__lib__evm__storage_map__storagemap_storage_slot_with_salt__ge513_f97d(v0.i256, v1.i256) -> i256 {
    block0:
        jump block1;

    block1:
        v3.*i8 = evm_malloc 0.i256;
        v4.i256 = ptr_to_int v3 i256;
        v6.i256 = call %std__lib__evm__storage_map__impl_trait_u256_0dfe__write_key_bd6c v4 v0;
        (v7.i256, v8.i1) = uaddo v4 v6;
        br v8 block2 block3;

    block2:
        mstore 0.i256 35408467139433450592217433187231851964531694900788300625387963629091585785856.i256 i256;
        mstore 4.i256 17.i256 i256;
        evm_revert 0.i256 36.i256;

    block3:
        mstore v7 v1 i256;
        (v17.i256, v18.i1) = uaddo v6 32.i256;
        br v18 block2 block4;

    block4:
        v20.i256 = evm_keccak256 v4 v17;
        return v20;
}

func inline(always) private %std__lib__evm__storage_map__storagemap_storage_slot_with_salt__ge513_f97d_0(v0.i256, v1.i256) -> i256 {
    block0:
        jump block1;

    block1:
        v3.*i8 = evm_malloc 0.i256;
        v4.i256 = ptr_to_int v3 i256;
        v6.i256 = call %std__lib__evm__storage_map__impl_trait_u256_0dfe__write_key_bd6c_0 v4 v0;
        (v7.i256, v8.i1) = uaddo v4 v6;
        br v8 block2 block3;

    block2:
        mstore 0.i256 35408467139433450592217433187231851964531694900788300625387963629091585785856.i256 i256;
        mstore 4.i256 17.i256 i256;
        evm_revert 0.i256 36.i256;

    block3:
        mstore v7 v1 i256;
        (v17.i256, v18.i1) = uaddo v6 32.i256;
        br v18 block2 block4;

    block4:
        v20.i256 = evm_keccak256 v4 v17;
        return v20;
}

func inline(always) private %std__lib__evm__storage_map__storagemap_storage_slot_with_salt__ge513_f97d_1(v0.i256, v1.i256) -> i256 {
    block0:
        jump block1;

    block1:
        v3.*i8 = evm_malloc 0.i256;
        v4.i256 = ptr_to_int v3 i256;
        v6.i256 = call %std__lib__evm__storage_map__impl_trait_u256_0dfe__write_key_bd6c_1 v4 v0;
        (v7.i256, v8.i1) = uaddo v4 v6;
        br v8 block2 block3;

    block2:
        mstore 0.i256 35408467139433450592217433187231851964531694900788300625387963629091585785856.i256 i256;
        mstore 4.i256 17.i256 i256;
        evm_revert 0.i256 36.i256;

    block3:
        mstore v7 v1 i256;
        (v17.i256, v18.i1) = uaddo v6 32.i256;
        br v18 block2 block4;

    block4:
        v20.i256 = evm_keccak256 v4 v17;
        return v20;
}

func inline(always) private %std__lib__evm__storage_map__storagemap_storage_slot_with_salt__ge513_f97d_2(v0.i256, v1.i256) -> i256 {
    block0:
        jump block1;

    block1:
        v3.*i8 = evm_malloc 0.i256;
        v4.i256 = ptr_to_int v3 i256;
        v6.i256 = call %std__lib__evm__storage_map__impl_trait_u256_0dfe__write_key_bd6c_2 v4 v0;
        (v7.i256, v8.i1) = uaddo v4 v6;
        br v8 block2 block3;

    block2:
        mstore 0.i256 35408467139433450592217433187231851964531694900788300625387963629091585785856.i256 i256;
        mstore 4.i256 17.i256 i256;
        evm_revert 0.i256 36.i256;

    block3:
        mstore v7 v1 i256;
        (v17.i256, v18.i1) = uaddo v6 32.i256;
        br v18 block2 block4;

    block4:
        v20.i256 = evm_keccak256 v4 v17;
        return v20;
}

func private %std__lib__evm__word__impl_trait_u256_1f9e__to_word_1ead(v0.i256) -> i256 {
    block0:
        jump block1;

    block1:
        return v0;
}

func private %std__lib__evm__word__impl_trait_u256_1f9e__to_word_1ead_0(v0.i256) -> i256 {
    block0:
        jump block1;

    block1:
        return v0;
}

func private %transfer(v0.i256, v1.i256, v2.i256) -> i256 {
    block0:
        jump block1;

    block1:
        v4.i256 = call %std__lib__evm__storage_map__impl_StorageMap_9f54__get__gcbe1_9b00_0 v0;
        v6.i1 = lt v4 v2;
        br v6 block2 block3;

    block2:
        return 1.i256;

    block3:
        jump block4;

    block4:
        v9.i256 = call %std__lib__evm__storage_map__impl_StorageMap_9f54__get__gcbe1_9b00_0 v1;
        (v13.i256, v14.i1) = usubo v4 v2;
        br v14 block5 block6;

    block5:
        mstore 0.i256 35408467139433450592217433187231851964531694900788300625387963629091585785856.i256 i256;
        mstore 4.i256 17.i256 i256;
        evm_revert 0.i256 36.i256;

    block6:
        call %set__gcbe1 undef.objref<@layout_3> v0 v13;
        (v26.i256, v27.i1) = uaddo v9 v2;
        br v27 block5 block7;

    block7:
        call %set__gcbe1 undef.objref<@layout_3> v1 v26;
        return 0.i256;
}

func inline(always) private %std__lib__evm__storage_map__impl_trait_u256_0dfe__write_key_bd6c(v0.i256, v1.i256) -> i256 {
    block0:
        jump block1;

    block1:
        mstore v0 v1 i256;
        return 32.i256;
}

func inline(always) private %std__lib__evm__storage_map__impl_trait_u256_0dfe__write_key_bd6c_0(v0.i256, v1.i256) -> i256 {
    block0:
        jump block1;

    block1:
        mstore v0 v1 i256;
        return 32.i256;
}

func inline(always) private %std__lib__evm__storage_map__impl_trait_u256_0dfe__write_key_bd6c_1(v0.i256, v1.i256) -> i256 {
    block0:
        jump block1;

    block1:
        mstore v0 v1 i256;
        return 32.i256;
}

func inline(always) private %std__lib__evm__storage_map__impl_trait_u256_0dfe__write_key_bd6c_2(v0.i256, v1.i256) -> i256 {
    block0:
        jump block1;

    block1:
        mstore v0 v1 i256;
        return 32.i256;
}


object @BalanceMap {
    section init {
        entry %manual_contract_init_root_BalanceMap;
        embed .runtime as &__BalanceMap_runtime;
    }
    section runtime {
        entry %manual_contract_runtime_root_BalanceMap;
    }
}
