---
source: crates/uitest/tests/ty.rs
assertion_line: 27
expression: diags
input_file: fixtures/ty/def/backend_ref_conformance.fe
---
error[6-0012]: missing associated type in trait implementation
   ┌─ backend_ref_conformance.fe:58:18
   │
58 │ impl Backend for RefMissing {
   │                  ^^^^^^^^^^ missing associated type `Ref` from trait `Backend`

error[6-0023]: associated type parameter count mismatch
   ┌─ backend_ref_conformance.fe:43:10
   │
43 │     type Ref<T> = u256
   │          ^^^ associated type `Ref` expects 2 generic parameter(s), but 1 given
   │
   ┌─ src/backend.fe:57:10
   │
57 │     type Ref<T, S>
   │          --- trait declares the associated type here

error[6-0023]: associated type parameter count mismatch
   ┌─ backend_ref_conformance.fe:54:10
   │
54 │     type Ref = u256
   │          ^^^ associated type `Ref` expects 2 generic parameter(s), but 0 given
   │
   ┌─ src/backend.fe:57:10
   │
57 │     type Ref<T, S>
   │          --- trait declares the associated type here
