---
source: crates/uitest/tests/ty.rs
expression: diags
input_file: fixtures/ty/def/gat_bound_param_bound_not_assumed.fe
---
error[6-0003]: trait bound is not satisfied
   ┌─ gat_bound_param_bound_not_assumed.fe:30:20
   │
30 │     type Elem<T> = Store<T>
   │                    ^^^^^^^^ `Store<T>` doesn't implement `Producer<T>`
