---
source: crates/hir/tests/ty_check.rs
assertion_line: 40
expression: res
input_file: test_files/ty_check/contract_recv_generic_variant.fe
---
note: 
   ┌─ contract_recv_generic_variant.fe:10:74
   │  
10 │       fn encode<E: core::abi::AbiEncoder<std::abi::Sol>>(self, mut _ e: E) {
   │ ╭──────────────────────────────────────────────────────────────────────────^
11 │ │         let Self { value } = self
12 │ │         value.encode(e)
13 │ │     }
   │ ╰─────^ ()

note: 
   ┌─ contract_recv_generic_variant.fe:11:13
   │
11 │         let Self { value } = self
   │             ^^^^^^^^^^^^^^ GenericMsg<T>

note: 
   ┌─ contract_recv_generic_variant.fe:11:20
   │
11 │         let Self { value } = self
   │                    ^^^^^ T

note: 
   ┌─ contract_recv_generic_variant.fe:11:30
   │
11 │         let Self { value } = self
   │                              ^^^^ GenericMsg<T>

note: 
   ┌─ contract_recv_generic_variant.fe:12:9
   │
12 │         value.encode(e)
   │         ^^^^^ T

note: 
   ┌─ contract_recv_generic_variant.fe:12:9
   │
12 │         value.encode(e)
   │         ^^^^^^^^^^^^^^^ ()

note: 
   ┌─ contract_recv_generic_variant.fe:12:22
   │
12 │         value.encode(e)
   │                      ^ E

note: 
   ┌─ contract_recv_generic_variant.fe:19:76
   │  
19 │       fn decode<D: core::abi::AbiDecoder<std::abi::Sol>>(mut _ d: D) -> Self {
   │ ╭────────────────────────────────────────────────────────────────────────────^
20 │ │         let value = T::decode(d)
21 │ │         Self { value }
22 │ │     }
   │ ╰─────^ GenericMsg<T>

note: 
   ┌─ contract_recv_generic_variant.fe:20:13
   │
20 │         let value = T::decode(d)
   │             ^^^^^ T

note: 
   ┌─ contract_recv_generic_variant.fe:20:21
   │
20 │         let value = T::decode(d)
   │                     ^^^^^^^^^ fn decode<T, Sol, D>

note: 
   ┌─ contract_recv_generic_variant.fe:20:21
   │
20 │         let value = T::decode(d)
   │                     ^^^^^^^^^^^^ T

note: 
   ┌─ contract_recv_generic_variant.fe:20:31
   │
20 │         let value = T::decode(d)
   │                               ^ D

note: 
   ┌─ contract_recv_generic_variant.fe:21:9
   │
21 │         Self { value }
   │         ^^^^^^^^^^^^^^ GenericMsg<T>

note: 
   ┌─ contract_recv_generic_variant.fe:21:16
   │
21 │         Self { value }
   │                ^^^^^ T

note: 
   ┌─ contract_recv_generic_variant.fe:44:9
   │
44 │         GenericMsg<u8> { value } -> u8 uses () {
   │         ^^^^^^^^^^^^^^^^^^^^^^^^ GenericMsg<u8>

note: 
   ┌─ contract_recv_generic_variant.fe:44:26
   │
44 │         GenericMsg<u8> { value } -> u8 uses () {
   │                          ^^^^^ u8

note: 
   ┌─ contract_recv_generic_variant.fe:44:48
   │  
44 │           GenericMsg<u8> { value } -> u8 uses () {
   │ ╭────────────────────────────────────────────────^
45 │ │             value
46 │ │         }
   │ ╰─────────^ u8

note: 
   ┌─ contract_recv_generic_variant.fe:45:13
   │
45 │             value
   │             ^^^^^ u8

note: 
   ┌─ contract_recv_generic_variant.fe:47:9
   │
47 │         GenericMsg<u16> { value } -> u16 uses () {
   │         ^^^^^^^^^^^^^^^^^^^^^^^^^ GenericMsg<u16>

note: 
   ┌─ contract_recv_generic_variant.fe:47:27
   │
47 │         GenericMsg<u16> { value } -> u16 uses () {
   │                           ^^^^^ u16

note: 
   ┌─ contract_recv_generic_variant.fe:47:50
   │  
47 │           GenericMsg<u16> { value } -> u16 uses () {
   │ ╭──────────────────────────────────────────────────^
48 │ │             value
49 │ │         }
   │ ╰─────────^ u16

note: 
   ┌─ contract_recv_generic_variant.fe:48:13
   │
48 │             value
   │             ^^^^^ u16

note: 
   ┌─ contract_recv_generic_variant.fe:50:9
   │
50 │         GenericMsg<u64> { value } -> u64 uses (data) {
   │         ^^^^^^^^^^^^^^^^^^^^^^^^^ GenericMsg<u64>

note: 
   ┌─ contract_recv_generic_variant.fe:50:27
   │
50 │         GenericMsg<u64> { value } -> u64 uses (data) {
   │                           ^^^^^ u64

note: 
   ┌─ contract_recv_generic_variant.fe:50:54
   │  
50 │           GenericMsg<u64> { value } -> u64 uses (data) {
   │ ╭──────────────────────────────────────────────────────^
51 │ │             data + value
52 │ │         }
   │ ╰─────────^ u64

note: 
   ┌─ contract_recv_generic_variant.fe:51:13
   │
51 │             data + value
   │             ^^^^ u64

note: 
   ┌─ contract_recv_generic_variant.fe:51:13
   │
51 │             data + value
   │             ^^^^^^^^^^^^ u64

note: 
   ┌─ contract_recv_generic_variant.fe:51:20
   │
51 │             data + value
   │                    ^^^^^ u64
