---
source: crates/uitest/tests/ty_check.rs
assertion_line: 27
expression: diags
input_file: fixtures/ty_check/abi_size_concrete_missing_field.fe
---
error[6-0003]: trait bound is not satisfied
   ┌─ abi_size_concrete_missing_field.fe:53:1
   │
53 │ derive AbiSize for Bad using StableAbiSize
   │ ^^^^^^^^^^^^^^^^^^^^^^^^^^^^^^^^^^^^^^^^^^ `NoAbi` doesn't implement `AbiSize`
