---
source: crates/uitest/tests/ty_check.rs
assertion_line: 27
expression: diags
input_file: fixtures/ty_check/reactive_event_source_effect_missing.fe
---
error[8-0036]: missing effect `EventSource<T>` required by `subscribe_event`
  ┌─ reactive_event_source_effect_missing.fe:7:43
  │
7 │     let subscription: Subscription<u32> = subscribe_event()
  │                                           ^^^^^^^^^^^^^^^^^ `subscribe_event` requires effect `EventSource<T>` to be in scope
  │
  = provide it with `with (EventSource<T> = value)` or require it via `uses EventSource<T>`
