---
source: crates/uitest/tests/ty_check.rs
assertion_line: 27
expression: diags
input_file: fixtures/ty_check/wasm_import_attr_invalid.fe
---
error[12-0002]: invalid `#[wasm_import]` attribute form on extern
  ┌─ wasm_import_attr_invalid.fe:1:1
  │
1 │ #[wasm_import(module = 42)]
  │ ^^^^^^^^^^^^^^^^^^^^^^^^^^^ expected `#[host_import(module = "...")]`

error[12-0002]: invalid `#[wasm_import]` attribute form on extern
  ┌─ wasm_import_attr_invalid.fe:6:1
  │
6 │ #[wasm_import]
  │ ^^^^^^^^^^^^^^ expected `#[host_import(module = "...")]`

error[12-0002]: invalid `#[wasm_import]` attribute form on extern
   ┌─ wasm_import_attr_invalid.fe:11:1
   │
11 │ #[wasm_import(namespace = "fe:host")]
   │ ^^^^^^^^^^^^^^^^^^^^^^^^^^^^^^^^^^^^^ expected `#[host_import(module = "...")]`
